gum : C:\Users\riley\Documents\assert_justice\cleo\deps\glfw\src\win32_window.c: In function 'updateCursorImage':
At line:1 char:1
+ gum build --all_libs -s 2> errors.txt
+ ~~~~~~~~~~~~~~~~~~~~~~~~~~~~~~~~~~~~~
    + CategoryInfo          : NotSpecified: (C:\Users\riley\...teCursorImage'::String) [], RemoteException
    + FullyQualifiedErrorId : NativeCommandError
 
C:\Users\riley\Documents\assert_justice\cleo\deps\glfw\src\win32_window.c:246:41: warning: passing argument 2 of 
'LoadCursorW' from incompatible pointer type [-Wincompatible-pointer-types]
             SetCursor(LoadCursorW(NULL, IDC_ARROW));
                                         ^~~~~~~~~
In file included from c:\mingw\include\windows.h:48,
                 from C:\Users\riley\Documents\assert_justice\cleo\deps\glfw\src\win32_platform.h:68,
                 from C:\Users\riley\Documents\assert_justice\cleo\deps\glfw\src\platform.h:30,
                 from C:\Users\riley\Documents\assert_justice\cleo\deps\glfw\src\internal.h:331,
                 from C:\Users\riley\Documents\assert_justice\cleo\deps\glfw\src\win32_window.c:30:
c:\mingw\include\winuser.h:3999:51: note: expected 'LPCWSTR' {aka 'const short unsigned int *'} but argument is of 
type 'CHAR *' {aka 'char *'}
 WINUSERAPI HCURSOR WINAPI LoadCursorW (HINSTANCE, LPCWSTR);
                                                   ^~~~~~~
C:\Users\riley\Documents\assert_justice\cleo\deps\glfw\src\win32_window.c: In function '_glfwRegisterWindowClassWin32':
C:\Users\riley\Documents\assert_justice\cleo\deps\glfw\src\win32_window.c:1434:42: warning: passing argument 2 of 
'LoadCursorW' from incompatible pointer type [-Wincompatible-pointer-types]
     wc.hCursor       = LoadCursorW(NULL, IDC_ARROW);
                                          ^~~~~~~~~
In file included from c:\mingw\include\windows.h:48,
                 from C:\Users\riley\Documents\assert_justice\cleo\deps\glfw\src\win32_platform.h:68,
                 from C:\Users\riley\Documents\assert_justice\cleo\deps\glfw\src\platform.h:30,
                 from C:\Users\riley\Documents\assert_justice\cleo\deps\glfw\src\internal.h:331,
                 from C:\Users\riley\Documents\assert_justice\cleo\deps\glfw\src\win32_window.c:30:
c:\mingw\include\winuser.h:3999:51: note: expected 'LPCWSTR' {aka 'const short unsigned int *'} but argument is of 
type 'CHAR *' {aka 'char *'}
 WINUSERAPI HCURSOR WINAPI LoadCursorW (HINSTANCE, LPCWSTR);
                                                   ^~~~~~~
C:\Users\riley\Documents\assert_justice\cleo\deps\glfw\src\win32_window.c:1445:31: warning: passing argument 2 of 
'LoadImageW' from incompatible pointer type [-Wincompatible-pointer-types]
                               IDI_APPLICATION, IMAGE_ICON,
                               ^~~~~~~~~~~~~~~
In file included from c:\mingw\include\windows.h:48,
                 from C:\Users\riley\Documents\assert_justice\cleo\deps\glfw\src\win32_platform.h:68,
                 from C:\Users\riley\Documents\assert_justice\cleo\deps\glfw\src\platform.h:30,
                 from C:\Users\riley\Documents\assert_justice\cleo\deps\glfw\src\internal.h:331,
                 from C:\Users\riley\Documents\assert_justice\cleo\deps\glfw\src\win32_window.c:30:
c:\mingw\include\winuser.h:4011:49: note: expected 'LPCWSTR' {aka 'const short unsigned int *'} but argument is of 
type 'CHAR *' {aka 'char *'}
 WINUSERAPI HANDLE WINAPI LoadImageW (HINSTANCE, LPCWSTR, UINT, int, int, UINT);
                                                 ^~~~~~~
ar: creating C:\Users\riley\Documents\assert_justice\cleo\libs\glfw.lib
